{"ts":"2026-08-14T03:48:36.957Z","component":"qmd-warm-client","event":"client_note","message":"requesting detached warm-server supervisor launch","pid":14560}
{"ts":"2026-08-14T03:48:36.968Z","component":"qmd-warm-client","event":"client_note","message":"detached warm-server launch was accepted","pid":14560}
{"ts":"2026-08-14T03:48:37.096Z","component":"qmd-warm-client","event":"supervisor_starting","message":"starting supervised warm-server child","runId":"ea5bcd3e0fa6ffb913689a3e","pid":27924}
{"ts":"2026-08-14T03:48:37.100Z","component":"qmd-warm-client","event":"supervisor_child_started","message":"supervised warm-server child started (pid 9740)","runId":"ea5bcd3e0fa6ffb913689a3e","pid":27924}
{"ts":"2026-08-14T03:48:37.165Z","component":"qmd-warm-server","event":"server_capability","message":"gpu mode requested: layers","runId":"ea5bcd3e0fa6ffb913689a3e","pid":9740}
{"ts":"2026-08-14T03:48:37.166Z","component":"qmd-warm-server","event":"server_note","message":"effective query budget: to be derived from prewarm baseline","runId":"ea5bcd3e0fa6ffb913689a3e","pid":9740}
{"ts":"2026-08-14T03:48:37.168Z","component":"qmd-warm-server","event":"server_note","message":"filesystem watch enabled","runId":"ea5bcd3e0fa6ffb913689a3e","pid":9740}
{"ts":"2026-08-14T03:48:38.053Z","component":"qmd-warm-server","event":"model_daemon_attached","message":"using shared embedding pool 062cae001995c8ae03de9d6f219b386a","runId":"ea5bcd3e0fa6ffb913689a3e","pid":9740}
{"ts":"2026-08-14T03:48:39.590Z","component":"qmd-warm-server","event":"server_note","message":"full prewarm failed: Database error: no such table: vectors_vec: no such table: vectors_vec: Error code 1: SQL logic error; verifying the lexical floor instead of exiting","runId":"ea5bcd3e0fa6ffb913689a3e","pid":9740}
{"ts":"2026-08-14T03:48:39.592Z","component":"qmd-warm-server","event":"server_note","message":"prewarm ready at the lexical floor after 0ms; stages unavailable: vectors, rerank, expansion","runId":"ea5bcd3e0fa6ffb913689a3e","pid":9740}
{"ts":"2026-08-14T03:49:29.716Z","component":"qmd-warm-client","event":"query_request_sent","message":"query request sent to pid 9740 on port 54263 with 9000ms client timeout","runId":"ea5bcd3e0fa6ffb913689a3e","requestId":"6910-18cb8f6ba7707674-0","pid":26896}
{"ts":"2026-08-14T03:49:29.717Z","component":"qmd-warm-server","event":"query_answered","message":"query answered in 0ms with stages skipped: vectors, rerank, expansion","runId":"ea5bcd3e0fa6ffb913689a3e","requestId":"6910-18cb8f6ba7707674-0","pid":9740}
{"ts":"2026-08-14T03:49:29.717Z","component":"qmd-warm-client","event":"query_response_received","message":"query response received: status 200, 133 byte(s), 0ms","runId":"ea5bcd3e0fa6ffb913689a3e","requestId":"6910-18cb8f6ba7707674-0","pid":26896}
{"ts":"2026-08-14T03:50:34.365Z","component":"qmd-warm-client","event":"query_request_sent","message":"query request sent to pid 9740 on port 54263 with 9000ms client timeout","runId":"ea5bcd3e0fa6ffb913689a3e","requestId":"5328-18cb8f7ab4db6be8-0","pid":21288}
{"ts":"2026-08-14T03:50:34.366Z","component":"qmd-warm-server","event":"query_answered","message":"query answered in 0ms with stages skipped: vectors, rerank, expansion","runId":"ea5bcd3e0fa6ffb913689a3e","requestId":"5328-18cb8f7ab4db6be8-0","pid":9740}
{"ts":"2026-08-14T03:50:34.366Z","component":"qmd-warm-client","event":"query_response_received","message":"query response received: status 200, 133 byte(s), 0ms","runId":"ea5bcd3e0fa6ffb913689a3e","requestId":"5328-18cb8f7ab4db6be8-0","pid":21288}
{"ts":"2026-08-14T03:50:43.423Z","component":"qmd-warm-client","event":"client_note","message":"requesting graceful shutdown (lifecycle --stop)","pid":17952}
{"ts":"2026-08-14T03:50:43.424Z","component":"qmd-warm-server","event":"server_note","message":"shutting down: shutdown requested by client","runId":"ea5bcd3e0fa6ffb913689a3e","pid":9740}
{"ts":"2026-08-14T03:50:43.425Z","component":"qmd-warm-client","event":"client_note","message":"graceful shutdown request accepted by sidecar","pid":17952}
{"ts":"2026-08-14T03:50:43.451Z","component":"qmd-warm-client","event":"client_note","message":"waiting for sidecar to exit after graceful shutdown","pid":17952}
{"ts":"2026-08-14T03:50:43.653Z","component":"qmd-warm-client","event":"supervisor_observed_exit","message":"supervised child exited after an attributed shutdown: exit code 0","runId":"ea5bcd3e0fa6ffb913689a3e","pid":27924}
{"ts":"2026-08-14T03:50:43.675Z","component":"qmd-warm-client","event":"client_note","message":"sidecar exited after graceful shutdown","pid":17952}
{"ts":"2026-08-14T03:51:36.402Z","component":"qmd-warm-client","event":"client_note","message":"requesting detached warm-server supervisor launch","pid":29512}
{"ts":"2026-08-14T03:51:36.413Z","component":"qmd-warm-client","event":"client_note","message":"detached warm-server launch was accepted","pid":29512}
{"ts":"2026-08-14T03:51:36.549Z","component":"qmd-warm-client","event":"supervisor_starting","message":"starting supervised warm-server child","runId":"4917483a030ee6b3d233b893","pid":8660}
{"ts":"2026-08-14T03:51:36.555Z","component":"qmd-warm-client","event":"supervisor_child_started","message":"supervised warm-server child started (pid 10792)","runId":"4917483a030ee6b3d233b893","pid":8660}
{"ts":"2026-08-14T03:51:36.618Z","component":"qmd-warm-server","event":"server_capability","message":"gpu mode requested: layers","runId":"4917483a030ee6b3d233b893","pid":10792}
{"ts":"2026-08-14T03:51:36.618Z","component":"qmd-warm-server","event":"server_note","message":"effective query budget: to be derived from prewarm baseline","runId":"4917483a030ee6b3d233b893","pid":10792}
{"ts":"2026-08-14T03:51:36.620Z","component":"qmd-warm-server","event":"server_note","message":"filesystem watch enabled","runId":"4917483a030ee6b3d233b893","pid":10792}
{"ts":"2026-08-14T03:51:37.624Z","component":"qmd-warm-server","event":"model_daemon_attached","message":"using shared embedding pool 062cae001995c8ae03de9d6f219b386a","runId":"4917483a030ee6b3d233b893","pid":10792}
{"ts":"2026-08-14T03:51:40.030Z","component":"qmd-warm-server","event":"server_placement","message":"embed weights observed: 311 MiB on device, 204 MiB on cpu (60% offloaded)","runId":"4917483a030ee6b3d233b893","pid":10792}
{"ts":"2026-08-14T03:51:40.031Z","component":"qmd-warm-server","event":"server_prewarm","message":"prewarm baseline: 2402ms (this probe 2402ms, 1 sample(s)); effective budget: 4000ms; rungs: full>=~3000ms, skip-expansion>=~2500ms, skip-rerank>=~1000ms (~ = derived from the baseline, not yet measured)","runId":"4917483a030ee6b3d233b893","pid":10792}
{"ts":"2026-08-14T03:52:09.634Z","component":"qmd-warm-client","event":"query_request_sent","message":"query request sent to pid 10792 on port 54381 with 5000ms client timeout","runId":"4917483a030ee6b3d233b893","requestId":"674-18cb8f90e3519360-0","pid":1652}
{"ts":"2026-08-14T03:52:10.280Z","component":"qmd-warm-client","event":"query_response_received","message":"query response received: status 200, 548 byte(s), 645ms","runId":"4917483a030ee6b3d233b893","requestId":"674-18cb8f90e3519360-0","pid":1652}
{"ts":"2026-08-14T03:52:10.280Z","component":"qmd-warm-server","event":"query_answered","message":"query answered in 644ms","runId":"4917483a030ee6b3d233b893","requestId":"674-18cb8f90e3519360-0","pid":10792}
{"ts":"2026-08-14T03:52:18.422Z","component":"qmd-warm-client","event":"client_note","message":"requesting graceful shutdown (lifecycle --stop)","pid":15692}
{"ts":"2026-08-14T03:52:18.424Z","component":"qmd-warm-server","event":"server_note","message":"shutting down: shutdown requested by client","runId":"4917483a030ee6b3d233b893","pid":10792}
{"ts":"2026-08-14T03:52:18.424Z","component":"qmd-warm-client","event":"client_note","message":"graceful shutdown request accepted by sidecar","pid":15692}
{"ts":"2026-08-14T03:52:18.453Z","component":"qmd-warm-client","event":"client_note","message":"waiting for sidecar to exit after graceful shutdown","pid":15692}
{"ts":"2026-08-14T03:52:18.704Z","component":"qmd-warm-client","event":"supervisor_observed_exit","message":"supervised child exited after an attributed shutdown: exit code 0","runId":"4917483a030ee6b3d233b893","pid":8660}
{"ts":"2026-08-14T03:52:18.779Z","component":"qmd-warm-client","event":"client_note","message":"sidecar exited after graceful shutdown","pid":15692}
{"ts":"2026-08-14T03:53:22.849Z","component":"qmd-warm-client","event":"client_note","message":"requesting detached warm-server supervisor launch","pid":27540}
{"ts":"2026-08-14T03:53:22.862Z","component":"qmd-warm-client","event":"client_note","message":"detached warm-server launch was accepted","pid":27540}
{"ts":"2026-08-14T03:53:22.978Z","component":"qmd-warm-client","event":"supervisor_starting","message":"starting supervised warm-server child","runId":"9fd86ce65dcb9b23689cf69a","pid":4340}
{"ts":"2026-08-14T03:53:22.984Z","component":"qmd-warm-client","event":"supervisor_child_started","message":"supervised warm-server child started (pid 13492)","runId":"9fd86ce65dcb9b23689cf69a","pid":4340}
{"ts":"2026-08-14T03:53:23.046Z","component":"qmd-warm-server","event":"server_capability","message":"gpu mode requested: layers","runId":"9fd86ce65dcb9b23689cf69a","pid":13492}
{"ts":"2026-08-14T03:53:23.046Z","component":"qmd-warm-server","event":"server_note","message":"effective query budget: to be derived from prewarm baseline","runId":"9fd86ce65dcb9b23689cf69a","pid":13492}
{"ts":"2026-08-14T03:53:23.048Z","component":"qmd-warm-server","event":"server_note","message":"filesystem watch enabled","runId":"9fd86ce65dcb9b23689cf69a","pid":13492}
{"ts":"2026-08-14T03:53:23.979Z","component":"qmd-warm-server","event":"model_daemon_attached","message":"using shared embedding pool 062cae001995c8ae03de9d6f219b386a","runId":"9fd86ce65dcb9b23689cf69a","pid":13492}
{"ts":"2026-08-14T03:53:26.133Z","component":"qmd-warm-server","event":"server_placement","message":"embed weights observed: 311 MiB on device, 204 MiB on cpu (60% offloaded)","runId":"9fd86ce65dcb9b23689cf69a","pid":13492}
{"ts":"2026-08-14T03:53:26.134Z","component":"qmd-warm-server","event":"server_prewarm","message":"prewarm baseline: 2277ms (this probe 2151ms, 2 sample(s)); effective budget: 4000ms; rungs: full>=805ms, skip-expansion>=~2500ms, skip-rerank>=~1000ms (~ = derived from the baseline, not yet measured)","runId":"9fd86ce65dcb9b23689cf69a","pid":13492}
{"ts":"2026-08-14T03:56:57.462Z","component":"qmd-warm-client","event":"query_request_sent","message":"query request sent to pid 13492 on port 54535 with 5000ms client timeout","runId":"9fd86ce65dcb9b23689cf69a","requestId":"1af4-18cb8fd3e72f6cd0-0","pid":6900}
{"ts":"2026-08-14T03:56:58.070Z","component":"qmd-warm-client","event":"query_response_received","message":"query response received: status 200, 549 byte(s), 607ms","runId":"9fd86ce65dcb9b23689cf69a","requestId":"1af4-18cb8fd3e72f6cd0-0","pid":6900}
{"ts":"2026-08-14T03:56:58.070Z","component":"qmd-warm-server","event":"query_answered","message":"query answered in 606ms","runId":"9fd86ce65dcb9b23689cf69a","requestId":"1af4-18cb8fd3e72f6cd0-0","pid":13492}
{"ts":"2026-08-14T03:56:58.114Z","component":"qmd-warm-client","event":"query_request_sent","message":"query request sent to pid 13492 on port 54535 with 5000ms client timeout","runId":"9fd86ce65dcb9b23689cf69a","requestId":"613c-18cb8fd40e0e139c-0","pid":24892}
{"ts":"2026-08-14T03:56:58.714Z","component":"qmd-warm-client","event":"query_response_received","message":"query response received: status 200, 549 byte(s), 598ms","runId":"9fd86ce65dcb9b23689cf69a","requestId":"613c-18cb8fd40e0e139c-0","pid":24892}
{"ts":"2026-08-14T03:56:58.714Z","component":"qmd-warm-server","event":"query_answered","message":"query answered in 596ms","runId":"9fd86ce65dcb9b23689cf69a","requestId":"613c-18cb8fd40e0e139c-0","pid":13492}
{"ts":"2026-08-14T03:56:58.981Z","component":"qmd-warm-client","event":"query_request_sent","message":"query request sent to pid 13492 on port 54535 with 5000ms client timeout","runId":"9fd86ce65dcb9b23689cf69a","requestId":"679c-18cb8fd441bf6d80-0","pid":26524}
{"ts":"2026-08-14T03:56:59.569Z","component":"qmd-warm-client","event":"query_response_received","message":"query response received: status 200, 549 byte(s), 587ms","runId":"9fd86ce65dcb9b23689cf69a","requestId":"679c-18cb8fd441bf6d80-0","pid":26524}
{"ts":"2026-08-14T03:56:59.569Z","component":"qmd-warm-server","event":"query_answered","message":"query answered in 586ms","runId":"9fd86ce65dcb9b23689cf69a","requestId":"679c-18cb8fd441bf6d80-0","pid":13492}
{"ts":"2026-08-14T03:56:59.795Z","component":"qmd-warm-client","event":"query_request_sent","message":"query request sent to pid 13492 on port 54535 with 5000ms client timeout","runId":"9fd86ce65dcb9b23689cf69a","requestId":"3724-18cb8fd4723cd13c-0","pid":14116}
{"ts":"2026-08-14T03:57:00.395Z","component":"qmd-warm-server","event":"query_answered","message":"query answered in 599ms","runId":"9fd86ce65dcb9b23689cf69a","requestId":"3724-18cb8fd4723cd13c-0","pid":13492}
{"ts":"2026-08-14T03:57:00.396Z","component":"qmd-warm-client","event":"query_response_received","message":"query response received: status 200, 549 byte(s), 600ms","runId":"9fd86ce65dcb9b23689cf69a","requestId":"3724-18cb8fd4723cd13c-0","pid":14116}
{"ts":"2026-08-14T03:57:00.627Z","component":"qmd-warm-client","event":"query_request_sent","message":"query request sent to pid 13492 on port 54535 with 5000ms client timeout","runId":"9fd86ce65dcb9b23689cf69a","requestId":"4428-18cb8fd4a3e02694-0","pid":17448}
{"ts":"2026-08-14T03:57:01.233Z","component":"qmd-warm-server","event":"query_answered","message":"query answered in 603ms","runId":"9fd86ce65dcb9b23689cf69a","requestId":"4428-18cb8fd4a3e02694-0","pid":13492}
{"ts":"2026-08-14T03:57:01.233Z","component":"qmd-warm-client","event":"query_response_received","message":"query response received: status 200, 549 byte(s), 604ms","runId":"9fd86ce65dcb9b23689cf69a","requestId":"4428-18cb8fd4a3e02694-0","pid":17448}
{"ts":"2026-08-14T03:57:01.459Z","component":"qmd-warm-client","event":"query_request_sent","message":"query request sent to pid 13492 on port 54535 with 5000ms client timeout","runId":"9fd86ce65dcb9b23689cf69a","requestId":"7500-18cb8fd4d56ab4f4-0","pid":29952}
{"ts":"2026-08-14T03:57:02.060Z","component":"qmd-warm-server","event":"query_answered","message":"query answered in 599ms","runId":"9fd86ce65dcb9b23689cf69a","requestId":"7500-18cb8fd4d56ab4f4-0","pid":13492}
{"ts":"2026-08-14T03:57:02.060Z","component":"qmd-warm-client","event":"query_response_received","message":"query response received: status 200, 549 byte(s), 601ms","runId":"9fd86ce65dcb9b23689cf69a","requestId":"7500-18cb8fd4d56ab4f4-0","pid":29952}
{"ts":"2026-08-14T03:57:02.298Z","component":"qmd-warm-client","event":"query_request_sent","message":"query request sent to pid 13492 on port 54535 with 5000ms client timeout","runId":"9fd86ce65dcb9b23689cf69a","requestId":"3d3c-18cb8fd5076c6ccc-0","pid":15676}
{"ts":"2026-08-14T03:57:02.898Z","component":"qmd-warm-server","event":"query_answered","message":"query answered in 598ms","runId":"9fd86ce65dcb9b23689cf69a","requestId":"3d3c-18cb8fd5076c6ccc-0","pid":13492}
{"ts":"2026-08-14T03:57:02.898Z","component":"qmd-warm-client","event":"query_response_received","message":"query response received: status 200, 549 byte(s), 599ms","runId":"9fd86ce65dcb9b23689cf69a","requestId":"3d3c-18cb8fd5076c6ccc-0","pid":15676}
{"ts":"2026-08-14T03:57:03.128Z","component":"qmd-warm-client","event":"query_request_sent","message":"query request sent to pid 13492 on port 54535 with 5000ms client timeout","runId":"9fd86ce65dcb9b23689cf69a","requestId":"61f0-18cb8fd538e8fc5c-0","pid":25072}
{"ts":"2026-08-14T03:57:03.729Z","component":"qmd-warm-server","event":"query_answered","message":"query answered in 599ms","runId":"9fd86ce65dcb9b23689cf69a","requestId":"61f0-18cb8fd538e8fc5c-0","pid":13492}
{"ts":"2026-08-14T03:57:03.729Z","component":"qmd-warm-client","event":"query_response_received","message":"query response received: status 200, 549 byte(s), 601ms","runId":"9fd86ce65dcb9b23689cf69a","requestId":"61f0-18cb8fd538e8fc5c-0","pid":25072}
{"ts":"2026-08-14T03:57:03.963Z","component":"qmd-warm-client","event":"query_request_sent","message":"query request sent to pid 13492 on port 54535 with 5000ms client timeout","runId":"9fd86ce65dcb9b23689cf69a","requestId":"6ae8-18cb8fd56ab28438-0","pid":27368}
{"ts":"2026-08-14T03:57:04.560Z","component":"qmd-warm-client","event":"query_response_received","message":"query response received: status 200, 549 byte(s), 596ms","runId":"9fd86ce65dcb9b23689cf69a","requestId":"6ae8-18cb8fd56ab28438-0","pid":27368}
{"ts":"2026-08-14T03:57:04.560Z","component":"qmd-warm-server","event":"query_answered","message":"query answered in 594ms","runId":"9fd86ce65dcb9b23689cf69a","requestId":"6ae8-18cb8fd56ab28438-0","pid":13492}
{"ts":"2026-08-14T03:57:04.794Z","component":"qmd-warm-client","event":"query_request_sent","message":"query request sent to pid 13492 on port 54535 with 5000ms client timeout","runId":"9fd86ce65dcb9b23689cf69a","requestId":"348-18cb8fd59c35830c-0","pid":840}
{"ts":"2026-08-14T03:57:05.410Z","component":"qmd-warm-client","event":"query_response_received","message":"query response received: status 200, 548 byte(s), 616ms","runId":"9fd86ce65dcb9b23689cf69a","requestId":"348-18cb8fd59c35830c-0","pid":840}
{"ts":"2026-08-14T03:57:05.410Z","component":"qmd-warm-server","event":"query_answered","message":"query answered in 598ms","runId":"9fd86ce65dcb9b23689cf69a","requestId":"348-18cb8fd59c35830c-0","pid":13492}
{"ts":"2026-08-14T03:57:05.641Z","component":"qmd-warm-client","event":"query_request_sent","message":"query request sent to pid 13492 on port 54535 with 5000ms client timeout","runId":"9fd86ce65dcb9b23689cf69a","requestId":"2718-18cb8fd5ceb36984-0","pid":10008}
{"ts":"2026-08-14T03:57:06.246Z","component":"qmd-warm-server","event":"query_answered","message":"query answered in 603ms","runId":"9fd86ce65dcb9b23689cf69a","requestId":"2718-18cb8fd5ceb36984-0","pid":13492}
{"ts":"2026-08-14T03:57:06.246Z","component":"qmd-warm-client","event":"query_response_received","message":"query response received: status 200, 549 byte(s), 604ms","runId":"9fd86ce65dcb9b23689cf69a","requestId":"2718-18cb8fd5ceb36984-0","pid":10008}
{"ts":"2026-08-14T03:57:38.188Z","component":"qmd-warm-client","event":"client_note","message":"requesting graceful shutdown (lifecycle --stop)","pid":22648}
{"ts":"2026-08-14T03:57:38.189Z","component":"qmd-warm-server","event":"server_note","message":"shutting down: shutdown requested by client","runId":"9fd86ce65dcb9b23689cf69a","pid":13492}
{"ts":"2026-08-14T03:57:38.190Z","component":"qmd-warm-client","event":"client_note","message":"graceful shutdown request accepted by sidecar","pid":22648}
{"ts":"2026-08-14T03:57:38.215Z","component":"qmd-warm-client","event":"client_note","message":"waiting for sidecar to exit after graceful shutdown","pid":22648}
{"ts":"2026-08-14T03:57:38.465Z","component":"qmd-warm-client","event":"supervisor_observed_exit","message":"supervised child exited after an attributed shutdown: exit code 0","runId":"9fd86ce65dcb9b23689cf69a","pid":4340}
{"ts":"2026-08-14T03:57:38.543Z","component":"qmd-warm-client","event":"client_note","message":"sidecar exited after graceful shutdown","pid":22648}
{"ts":"2026-08-14T04:09:31.025Z","component":"qmd-warm-client","event":"client_note","message":"requesting detached warm-server supervisor launch","pid":13392}
{"ts":"2026-08-14T04:09:31.032Z","component":"qmd-warm-client","event":"client_note","message":"detached warm-server launch was accepted","pid":13392}
{"ts":"2026-08-14T04:09:31.146Z","component":"qmd-warm-client","event":"supervisor_starting","message":"starting supervised warm-server child","runId":"fa4baac4bd068acb1e3e0083","pid":20880}
{"ts":"2026-08-14T04:09:31.152Z","component":"qmd-warm-client","event":"supervisor_child_started","message":"supervised warm-server child started (pid 29300)","runId":"fa4baac4bd068acb1e3e0083","pid":20880}
{"ts":"2026-08-14T04:09:31.214Z","component":"qmd-warm-server","event":"server_capability","message":"gpu mode requested: layers","runId":"fa4baac4bd068acb1e3e0083","pid":29300}
{"ts":"2026-08-14T04:09:31.214Z","component":"qmd-warm-server","event":"server_note","message":"effective query budget: to be derived from prewarm baseline","runId":"fa4baac4bd068acb1e3e0083","pid":29300}
{"ts":"2026-08-14T04:09:31.216Z","component":"qmd-warm-server","event":"server_note","message":"filesystem watch enabled","runId":"fa4baac4bd068acb1e3e0083","pid":29300}
{"ts":"2026-08-14T04:09:32.424Z","component":"qmd-warm-server","event":"model_daemon_attached","message":"using shared embedding pool 062cae001995c8ae03de9d6f219b386a","runId":"fa4baac4bd068acb1e3e0083","pid":29300}
{"ts":"2026-08-14T04:09:34.573Z","component":"qmd-warm-server","event":"server_placement","message":"embed weights observed: 311 MiB on device, 204 MiB on cpu (60% offloaded)","runId":"fa4baac4bd068acb1e3e0083","pid":29300}
{"ts":"2026-08-14T04:09:34.574Z","component":"qmd-warm-server","event":"server_prewarm","message":"prewarm baseline: 2232ms (this probe 2142ms, 3 sample(s)); effective budget: 4000ms; rungs: full>=751ms, skip-expansion>=~2500ms, skip-rerank>=~1000ms (~ = derived from the baseline, not yet measured)","runId":"fa4baac4bd068acb1e3e0083","pid":29300}
{"ts":"2026-08-14T04:10:10.696Z","component":"qmd-warm-client","event":"client_note","message":"requesting graceful shutdown (lifecycle --stop)","pid":21680}
{"ts":"2026-08-14T04:10:10.697Z","component":"qmd-warm-client","event":"client_note","message":"graceful shutdown request accepted by sidecar","pid":21680}
{"ts":"2026-08-14T04:10:10.697Z","component":"qmd-warm-server","event":"server_note","message":"shutting down: shutdown requested by client","runId":"fa4baac4bd068acb1e3e0083","pid":29300}
{"ts":"2026-08-14T04:10:10.723Z","component":"qmd-warm-client","event":"client_note","message":"waiting for sidecar to exit after graceful shutdown","pid":21680}
{"ts":"2026-08-14T04:10:10.925Z","component":"qmd-warm-client","event":"supervisor_observed_exit","message":"supervised child exited after an attributed shutdown: exit code 0","runId":"fa4baac4bd068acb1e3e0083","pid":20880}
{"ts":"2026-08-14T04:10:10.946Z","component":"qmd-warm-client","event":"client_note","message":"sidecar exited after graceful shutdown","pid":21680}
