[2026-08-14T03:48:37.165Z] [stderr] [qmd-warm-server] 
[2026-08-14T03:48:37.166Z] [stderr] gpu mode requested: layers
[2026-08-14T03:48:37.166Z] [stderr] [qmd-warm-server] effective query budget: to be derived from prewarm baseline
[2026-08-14T03:48:37.168Z] [stderr] [qmd-warm-server] 
[2026-08-14T03:48:37.168Z] [stderr] filesystem watch enabled
[2026-08-14T03:48:38.053Z] [stderr] [qmd-warm-server] 
[2026-08-14T03:48:38.053Z] [stderr] using shared embedding pool 062cae001995c8ae03de9d6f219b386a
[2026-08-14T03:48:39.590Z] [stderr] [qmd-warm-server] 
[2026-08-14T03:48:39.590Z] [stderr] full prewarm failed: Database error: no such table: vectors_vec: no such table: vectors_vec: Error code 1: SQL logic error; verifying the lexical floor instead of exiting
[2026-08-14T03:48:39.592Z] [stderr] [qmd-warm-server] 
[2026-08-14T03:48:39.593Z] [stderr] prewarm ready at the lexical floor after 0ms; stages unavailable: vectors, rerank, expansion
[2026-08-14T03:49:29.717Z] [stderr] [qmd-warm-server] request=
[2026-08-14T03:49:29.717Z] [stderr] 6910-18cb8f6ba7707674-0 query answered in 0ms with stages skipped: vectors, rerank, expansion
[2026-08-14T03:50:34.366Z] [stderr] [qmd-warm-server] request=
[2026-08-14T03:50:34.367Z] [stderr] 5328-18cb8f7ab4db6be8-0 query answered in 0ms with stages skipped: vectors, rerank, expansion
[2026-08-14T03:50:43.424Z] [stderr] [qmd-warm-server] 
[2026-08-14T03:50:43.425Z] [stderr] shutting down: shutdown requested by client
[2026-08-14T03:51:36.618Z] [stderr] [qmd-warm-server] 
[2026-08-14T03:51:36.619Z] [stderr] gpu mode requested: layers
[qmd-warm-server] effective query budget: to be derived from prewarm baseline
[2026-08-14T03:51:36.620Z] [stderr] [qmd-warm-server] filesystem watch enabled
[2026-08-14T03:51:37.625Z] [stderr] [qmd-warm-server] 
[2026-08-14T03:51:37.625Z] [stderr] using shared embedding pool 062cae001995c8ae03de9d6f219b386a
[2026-08-14T03:51:40.030Z] [stderr] [qmd-warm-server] 
[2026-08-14T03:51:40.031Z] [stderr] embed weights observed: 311 MiB on device, 204 MiB on cpu (60% offloaded)
[qmd-warm-server] prewarm baseline: 2402ms (this probe 2402ms, 1 sample(s)); effective budget: 4000ms; rungs: full>=~3000ms, skip-expansion>=~2500ms, skip-rerank>=~1000ms (~ = derived from the baseline, not yet measured)
[2026-08-14T03:52:10.280Z] [stderr] [qmd-warm-server] request=
[2026-08-14T03:52:10.280Z] [stderr] 674-18cb8f90e3519360-0 query answered in 644ms
[2026-08-14T03:52:18.424Z] [stderr] [qmd-warm-server] 
[2026-08-14T03:52:18.425Z] [stderr] shutting down: shutdown requested by client
[2026-08-14T03:53:23.046Z] [stderr] [qmd-warm-server] 
[2026-08-14T03:53:23.047Z] [stderr] gpu mode requested: layers
[qmd-warm-server] effective query budget: to be derived from prewarm baseline
[2026-08-14T03:53:23.048Z] [stderr] [qmd-warm-server] 
[2026-08-14T03:53:23.049Z] [stderr] filesystem watch enabled
[2026-08-14T03:53:23.979Z] [stderr] [qmd-warm-server] 
[2026-08-14T03:53:23.979Z] [stderr] using shared embedding pool 062cae001995c8ae03de9d6f219b386a
[2026-08-14T03:53:26.133Z] [stderr] [qmd-warm-server] 
[2026-08-14T03:53:26.134Z] [stderr] embed weights observed: 311 MiB on device, 204 MiB on cpu (60% offloaded)
[2026-08-14T03:53:26.134Z] [stderr] [qmd-warm-server] prewarm baseline: 2277ms (this probe 2151ms, 2 sample(s)); effective budget: 4000ms; rungs: full>=805ms, skip-expansion>=~2500ms, skip-rerank>=~1000ms (~ = derived from the baseline, not yet measured)
[2026-08-14T03:56:58.070Z] [stderr] [qmd-warm-server] request=
[2026-08-14T03:56:58.070Z] [stderr] 1af4-18cb8fd3e72f6cd0-0 query answered in 606ms
[2026-08-14T03:56:58.713Z] [stderr] [qmd-warm-server] request=
[2026-08-14T03:56:58.714Z] [stderr] 613c-18cb8fd40e0e139c-0 query answered in 596ms
[2026-08-14T03:56:59.569Z] [stderr] [qmd-warm-server] request=
[2026-08-14T03:56:59.569Z] [stderr] 679c-18cb8fd441bf6d80-0 query answered in 586ms
[2026-08-14T03:57:00.395Z] [stderr] [qmd-warm-server] request=
[2026-08-14T03:57:00.396Z] [stderr] 3724-18cb8fd4723cd13c-0 query answered in 599ms
[2026-08-14T03:57:01.233Z] [stderr] [qmd-warm-server] request=
[2026-08-14T03:57:01.233Z] [stderr] 4428-18cb8fd4a3e02694-0 query answered in 603ms
[2026-08-14T03:57:02.060Z] [stderr] [qmd-warm-server] request=
[2026-08-14T03:57:02.061Z] [stderr] 7500-18cb8fd4d56ab4f4-0 query answered in 599ms
[2026-08-14T03:57:02.898Z] [stderr] [qmd-warm-server] request=
[2026-08-14T03:57:02.898Z] [stderr] 3d3c-18cb8fd5076c6ccc-0 query answered in 598ms
[2026-08-14T03:57:03.729Z] [stderr] [qmd-warm-server] request=
[2026-08-14T03:57:03.730Z] [stderr] 61f0-18cb8fd538e8fc5c-0 query answered in 599ms
[2026-08-14T03:57:04.560Z] [stderr] [qmd-warm-server] request=
[2026-08-14T03:57:04.560Z] [stderr] 6ae8-18cb8fd56ab28438-0 query answered in 594ms
[2026-08-14T03:57:05.410Z] [stderr] [qmd-warm-server] request=
[2026-08-14T03:57:05.411Z] [stderr] 348-18cb8fd59c35830c-0 query answered in 598ms
[2026-08-14T03:57:06.246Z] [stderr] [qmd-warm-server] request=
[2026-08-14T03:57:06.246Z] [stderr] 2718-18cb8fd5ceb36984-0 query answered in 603ms
[2026-08-14T03:57:38.189Z] [stderr] [qmd-warm-server] 
[2026-08-14T03:57:38.190Z] [stderr] shutting down: shutdown requested by client
[2026-08-14T04:09:31.214Z] [stderr] [qmd-warm-server] 
[2026-08-14T04:09:31.214Z] [stderr] gpu mode requested: layers
[2026-08-14T04:09:31.215Z] [stderr] [qmd-warm-server] effective query budget: to be derived from prewarm baseline
[2026-08-14T04:09:31.216Z] [stderr] [qmd-warm-server] filesystem watch enabled
[2026-08-14T04:09:32.424Z] [stderr] [qmd-warm-server] 
[2026-08-14T04:09:32.424Z] [stderr] using shared embedding pool 062cae001995c8ae03de9d6f219b386a
[2026-08-14T04:09:34.573Z] [stderr] [qmd-warm-server] 
[2026-08-14T04:09:34.574Z] [stderr] embed weights observed: 311 MiB on device, 204 MiB on cpu (60% offloaded)
[qmd-warm-server] prewarm baseline: 2232ms (this probe 2142ms, 3 sample(s)); effective budget: 4000ms; rungs: full>=751ms, skip-expansion>=~2500ms, skip-rerank>=~1000ms (~ = derived from the baseline, not yet measured)
[2026-08-14T04:10:10.697Z] [stderr] [qmd-warm-server] 
[2026-08-14T04:10:10.697Z] [stderr] shutting down: shutdown requested by client
